Connecting to Ollama at http://localhost:11434/v1 with model llama3.2...
Stream started. Reading chunks...
Chunk 1: ChatCompletionChunk(id='chatcmpl-110', choices=[Choice(delta=ChoiceDelta(content='Hello', function_call=None, refusal=None, role='assistant', tool_calls=None), finish_reason=None, index=0, logprobs=None)], created=1765088389, model='llama3.2', object='chat.completion.chunk', service_tier=None, system_fingerprint='fp_ollama', usage=None)
 -> Content: 'Hello'
Chunk 2: ChatCompletionChunk(id='chatcmpl-110', choices=[Choice(delta=ChoiceDelta(content='!', function_call=None, refusal=None, role='assistant', tool_calls=None), finish_reason=None, index=0, logprobs=None)], created=1765088389, model='llama3.2', object='chat.completion.chunk', service_tier=None, system_fingerprint='fp_ollama', usage=None)
 -> Content: '!'
Chunk 3: ChatCompletionChunk(id='chatcmpl-110', choices=[Choice(delta=ChoiceDelta(content=' It', function_call=None, refusal=None, role='assistant', tool_calls=None), finish_reason=None, index=0, logprobs=None)], created=1765088389, model='llama3.2', object='chat.completion.chunk', service_tier=None, system_fingerprint='fp_ollama', usage=None)
 -> Content: ' It'
Chunk 4: ChatCompletionChunk(id='chatcmpl-110', choices=[Choice(delta=ChoiceDelta(content="'s", function_call=None, refusal=None, role='assistant', tool_calls=None), finish_reason=None, index=0, logprobs=None)], created=1765088389, model='llama3.2', object='chat.completion.chunk', service_tier=None, system_fingerprint='fp_ollama', usage=None)
 -> Content: ''s'
Chunk 5: ChatCompletionChunk(id='chatcmpl-110', choices=[Choice(delta=ChoiceDelta(content=' nice', function_call=None, refusal=None, role='assistant', tool_calls=None), finish_reason=None, index=0, logprobs=None)], created=1765088390, model='llama3.2', object='chat.completion.chunk', service_tier=None, system_fingerprint='fp_ollama', usage=None)
 -> Content: ' nice'
Chunk 6: ChatCompletionChunk(id='chatcmpl-110', choices=[Choice(delta=ChoiceDelta(content=' to', function_call=None, refusal=None, role='assistant', tool_calls=None), finish_reason=None, index=0, logprobs=None)], created=1765088390, model='llama3.2', object='chat.completion.chunk', service_tier=None, system_fingerprint='fp_ollama', usage=None)
 -> Content: ' to'
Chunk 7: ChatCompletionChunk(id='chatcmpl-110', choices=[Choice(delta=ChoiceDelta(content=' meet', function_call=None, refusal=None, role='assistant', tool_calls=None), finish_reason=None, index=0, logprobs=None)], created=1765088390, model='llama3.2', object='chat.completion.chunk', service_tier=None, system_fingerprint='fp_ollama', usage=None)
 -> Content: ' meet'
Chunk 8: ChatCompletionChunk(id='chatcmpl-110', choices=[Choice(delta=ChoiceDelta(content=' you', function_call=None, refusal=None, role='assistant', tool_calls=None), finish_reason=None, index=0, logprobs=None)], created=1765088390, model='llama3.2', object='chat.completion.chunk', service_tier=None, system_fingerprint='fp_ollama', usage=None)
 -> Content: ' you'
Chunk 9: ChatCompletionChunk(id='chatcmpl-110', choices=[Choice(delta=ChoiceDelta(content='.', function_call=None, refusal=None, role='assistant', tool_calls=None), finish_reason=None, index=0, logprobs=None)], created=1765088390, model='llama3.2', object='chat.completion.chunk', service_tier=None, system_fingerprint='fp_ollama', usage=None)
 -> Content: '.'
Chunk 10: ChatCompletionChunk(id='chatcmpl-110', choices=[Choice(delta=ChoiceDelta(content=' Is', function_call=None, refusal=None, role='assistant', tool_calls=None), finish_reason=None, index=0, logprobs=None)], created=1765088390, model='llama3.2', object='chat.completion.chunk', service_tier=None, system_fingerprint='fp_ollama', usage=None)
 -> Content: ' Is'
Chunk 11: ChatCompletionChunk(id='chatcmpl-110', choices=[Choice(delta=ChoiceDelta(content=' there', function_call=None, refusal=None, role='assistant', tool_calls=None), finish_reason=None, index=0, logprobs=None)], created=1765088391, model='llama3.2', object='chat.completion.chunk', service_tier=None, system_fingerprint='fp_ollama', usage=None)
 -> Content: ' there'
Chunk 12: ChatCompletionChunk(id='chatcmpl-110', choices=[Choice(delta=ChoiceDelta(content=' something', function_call=None, refusal=None, role='assistant', tool_calls=None), finish_reason=None, index=0, logprobs=None)], created=1765088391, model='llama3.2', object='chat.completion.chunk', service_tier=None, system_fingerprint='fp_ollama', usage=None)
 -> Content: ' something'
Chunk 13: ChatCompletionChunk(id='chatcmpl-110', choices=[Choice(delta=ChoiceDelta(content=' I', function_call=None, refusal=None, role='assistant', tool_calls=None), finish_reason=None, index=0, logprobs=None)], created=1765088391, model='llama3.2', object='chat.completion.chunk', service_tier=None, system_fingerprint='fp_ollama', usage=None)
 -> Content: ' I'
Chunk 14: ChatCompletionChunk(id='chatcmpl-110', choices=[Choice(delta=ChoiceDelta(content=' can', function_call=None, refusal=None, role='assistant', tool_calls=None), finish_reason=None, index=0, logprobs=None)], created=1765088391, model='llama3.2', object='chat.completion.chunk', service_tier=None, system_fingerprint='fp_ollama', usage=None)
 -> Content: ' can'
Chunk 15: ChatCompletionChunk(id='chatcmpl-110', choices=[Choice(delta=ChoiceDelta(content=' help', function_call=None, refusal=None, role='assistant', tool_calls=None), finish_reason=None, index=0, logprobs=None)], created=1765088391, model='llama3.2', object='chat.completion.chunk', service_tier=None, system_fingerprint='fp_ollama', usage=None)
 -> Content: ' help'
Chunk 16: ChatCompletionChunk(id='chatcmpl-110', choices=[Choice(delta=ChoiceDelta(content=' you', function_call=None, refusal=None, role='assistant', tool_calls=None), finish_reason=None, index=0, logprobs=None)], created=1765088391, model='llama3.2', object='chat.completion.chunk', service_tier=None, system_fingerprint='fp_ollama', usage=None)
 -> Content: ' you'
Chunk 17: ChatCompletionChunk(id='chatcmpl-110', choices=[Choice(delta=ChoiceDelta(content=' with', function_call=None, refusal=None, role='assistant', tool_calls=None), finish_reason=None, index=0, logprobs=None)], created=1765088391, model='llama3.2', object='chat.completion.chunk', service_tier=None, system_fingerprint='fp_ollama', usage=None)
 -> Content: ' with'
Chunk 18: ChatCompletionChunk(id='chatcmpl-110', choices=[Choice(delta=ChoiceDelta(content=' or', function_call=None, refusal=None, role='assistant', tool_calls=None), finish_reason=None, index=0, logprobs=None)], created=1765088392, model='llama3.2', object='chat.completion.chunk', service_tier=None, system_fingerprint='fp_ollama', usage=None)
 -> Content: ' or'
Chunk 19: ChatCompletionChunk(id='chatcmpl-110', choices=[Choice(delta=ChoiceDelta(content=' would', function_call=None, refusal=None, role='assistant', tool_calls=None), finish_reason=None, index=0, logprobs=None)], created=1765088392, model='llama3.2', object='chat.completion.chunk', service_tier=None, system_fingerprint='fp_ollama', usage=None)
 -> Content: ' would'
Chunk 20: ChatCompletionChunk(id='chatcmpl-110', choices=[Choice(delta=ChoiceDelta(content=' you', function_call=None, refusal=None, role='assistant', tool_calls=None), finish_reason=None, index=0, logprobs=None)], created=1765088392, model='llama3.2', object='chat.completion.chunk', service_tier=None, system_fingerprint='fp_ollama', usage=None)
 -> Content: ' you'
Chunk 21: ChatCompletionChunk(id='chatcmpl-110', choices=[Choice(delta=ChoiceDelta(content=' like', function_call=None, refusal=None, role='assistant', tool_calls=None), finish_reason=None, index=0, logprobs=None)], created=1765088392, model='llama3.2', object='chat.completion.chunk', service_tier=None, system_fingerprint='fp_ollama', usage=None)
 -> Content: ' like'
Chunk 22: ChatCompletionChunk(id='chatcmpl-110', choices=[Choice(delta=ChoiceDelta(content=' to', function_call=None, refusal=None, role='assistant', tool_calls=None), finish_reason=None, index=0, logprobs=None)], created=1765088392, model='llama3.2', object='chat.completion.chunk', service_tier=None, system_fingerprint='fp_ollama', usage=None)
 -> Content: ' to'
Chunk 23: ChatCompletionChunk(id='chatcmpl-110', choices=[Choice(delta=ChoiceDelta(content=' chat', function_call=None, refusal=None, role='assistant', tool_calls=None), finish_reason=None, index=0, logprobs=None)], created=1765088393, model='llama3.2', object='chat.completion.chunk', service_tier=None, system_fingerprint='fp_ollama', usage=None)
 -> Content: ' chat'
Chunk 24: ChatCompletionChunk(id='chatcmpl-110', choices=[Choice(delta=ChoiceDelta(content='?', function_call=None, refusal=None, role='assistant', tool_calls=None), finish_reason=None, index=0, logprobs=None)], created=1765088394, model='llama3.2', object='chat.completion.chunk', service_tier=None, system_fingerprint='fp_ollama', usage=None)
 -> Content: '?'
Chunk 25: ChatCompletionChunk(id='chatcmpl-110', choices=[Choice(delta=ChoiceDelta(content='', function_call=None, refusal=None, role='assistant', tool_calls=None), finish_reason='stop', index=0, logprobs=None)], created=1765088394, model='llama3.2', object='chat.completion.chunk', service_tier=None, system_fingerprint='fp_ollama', usage=None)
 -> No content in delta
Stream finished.
